object path entity ('myObject')
= ('=')
assignment value ('[value 1]')