C_STYLE_COMMENT ('/*
a comment */
*/')
WHITE_SPACE_WITH_NEW_LINE ('

')
C_STYLE_COMMENT ('/**
also comment
 */')
WHITE_SPACE_WITH_NEW_LINE ('

 ')
C_STYLE_COMMENT ('/* */
comment   */
  */')
IGNORED_TEXT (' ignored text')
WHITE_SPACE_WITH_NEW_LINE ('

')
OBJECT_PATH_ENTITY ('assign')
WHITE_SPACE (' ')
ASSIGN ('=')
WHITE_SPACE (' ')
ASSIGNMENT_VALUE ('ment')
WHITE_SPACE_WITH_NEW_LINE ('
')