object path entity ('myOtherObject')
WHITE_SPACE (' ')
< ('<')
WHITE_SPACE (' ')
object path entity ('myObject')
WHITE_SPACE ('
')
object path entity ('20')
WHITE_SPACE (' ')
< ('<')
WHITE_SPACE ('  ')
object path entity ('pageObj')
. ('.')
object path entity ('10')
WHITE_SPACE (' ')
object path entity ('strange')
WHITE_SPACE (' ')
object path entity ('text')
WHITE_SPACE ('
')
object path entity ('30')
WHITE_SPACE (' ')
< ('<')
. ('.')
object path entity ('10')