OBJECT_PATH_ENTITY ('myObject')
ASSIGN ('=')
ASSIGNMENT_VALUE ('[value 1]')